// Vitest Snapshot v1, https://vitest.dev/guide/snapshot.html

exports[`Advanced State Mapping - CSS Output > @media query states > should expand dimension shorthands in media queries 1`] = `""`;

exports[`Advanced State Mapping - CSS Output > @media query states > should expand tasty units in media queries 1`] = `""`;

exports[`Advanced State Mapping - CSS Output > @media query states > should generate CSS with @media wrapper for dimension queries 1`] = `""`;

exports[`Advanced State Mapping - CSS Output > @media query states > should generate exclusive CSS for multiple overlapping breakpoints 1`] = `""`;

exports[`Advanced State Mapping - CSS Output > @media query states > should handle @media:type syntax 1`] = `""`;

exports[`Advanced State Mapping - CSS Output > @media query states > should handle cascading media queries with overlapping ranges 1`] = `""`;

exports[`Advanced State Mapping - CSS Output > @media query states > should handle media queries with range syntax 1`] = `""`;

exports[`Advanced State Mapping - CSS Output > @parent states > should generate CSS with :is() for parent states 1`] = `""`;

exports[`Advanced State Mapping - CSS Output > @parent states > should handle OR inside single @parent() 1`] = `""`;

exports[`Advanced State Mapping - CSS Output > @parent states > should handle attribute-based parent state 1`] = `""`;

exports[`Advanced State Mapping - CSS Output > @parent states > should handle class-based parent state 1`] = `""`;

exports[`Advanced State Mapping - CSS Output > @parent states > should handle direct parent syntax 1`] = `""`;

exports[`Advanced State Mapping - CSS Output > @parent states > should handle multiple parent conditions (AND) 1`] = `""`;

exports[`Advanced State Mapping - CSS Output > @parent states > should handle multiple parent conditions (OR) 1`] = `""`;

exports[`Advanced State Mapping - CSS Output > @parent states > should handle parent combined with modifier 1`] = `""`;

exports[`Advanced State Mapping - CSS Output > @parent states > should handle parent combined with root 1`] = `""`;

exports[`Advanced State Mapping - CSS Output > @parent states > should handle parent on sub-element 1`] = `""`;

exports[`Advanced State Mapping - CSS Output > @parent states > should handle value modifier parent state 1`] = `""`;

exports[`Advanced State Mapping - CSS Output > @root states > should generate CSS with :root prefix for root states 1`] = `""`;

exports[`Advanced State Mapping - CSS Output > @root states > should handle OR inside single @root() 1`] = `""`;

exports[`Advanced State Mapping - CSS Output > @root states > should handle attribute-based root states 1`] = `""`;

exports[`Advanced State Mapping - CSS Output > @root states > should handle class-based root states 1`] = `""`;

exports[`Advanced State Mapping - CSS Output > combined advanced states with regular modifiers > should combine media queries with regular modifiers 1`] = `""`;

exports[`Advanced State Mapping - CSS Output > combined advanced states with regular modifiers > should handle root states with regular modifiers 1`] = `""`;

exports[`Advanced State Mapping - CSS Output > complex combinations > should generate CSS with linked styles with a different set of states 1`] = `""`;

exports[`Advanced State Mapping - CSS Output > complex combinations > should generate CSS with linked styles with the same set of states 1`] = `""`;

exports[`Advanced State Mapping - CSS Output > complex combinations > should generate CSS with styles of different types in OR groups 1`] = `""`;

exports[`Advanced State Mapping - CSS Output > complex combinations > should generate CSS with styles of different types in OR groups in real world use case 1`] = `""`;

exports[`Advanced State Mapping - CSS Output > complex combinations > should generate CSS with styles of mixed media and root OR groups 1`] = `""`;

exports[`Advanced State Mapping - CSS Output > complex combinations > should handle advanced states with multiple modifiers 1`] = `""`;

exports[`Advanced State Mapping - CSS Output > complex combinations > should handle cascading root states with specificity 1`] = `""`;

exports[`Advanced State Mapping - CSS Output > complex combinations > should handle combined media and root states on same property 1`] = `""`;

exports[`Advanced State Mapping - CSS Output > complex combinations > should handle media queries on different dimensions 1`] = `""`;

exports[`Advanced State Mapping - CSS Output > complex combinations > should handle multiple root states 1`] = `""`;

exports[`Advanced State Mapping - CSS Output > complex combinations > should handle predefined states with modifiers 1`] = `""`;

exports[`Advanced State Mapping - CSS Output > complex combinations > should handle root states with pseudo-class modifiers 1`] = `""`;

exports[`Advanced State Mapping - CSS Output > complex combinations > should handle sub-elements with multiple advanced states 1`] = `""`;

exports[`Advanced State Mapping - CSS Output > complex combinations > should handle three-way media query cascade 1`] = `""`;

exports[`Advanced State Mapping - CSS Output > complex combinations > should support complex predefined states 1`] = `""`;

exports[`Advanced State Mapping - CSS Output > edge cases > should handle advanced states with complex style values 1`] = `""`;

exports[`Advanced State Mapping - CSS Output > edge cases > should handle advanced states with fallback color syntax 1`] = `""`;

exports[`Advanced State Mapping - CSS Output > edge cases > should handle empty default with only advanced state 1`] = `""`;

exports[`Advanced State Mapping - CSS Output > predefined states (global) > should handle multiple global predefined states 1`] = `""`;

exports[`Advanced State Mapping - CSS Output > predefined states (global) > should prioritize local over global predefined states 1`] = `""`;

exports[`Advanced State Mapping - CSS Output > predefined states (global) > should resolve global predefined states 1`] = `""`;

exports[`Advanced State Mapping - CSS Output > predefined states (local) > should handle multiple local predefined states 1`] = `""`;

exports[`Advanced State Mapping - CSS Output > predefined states (local) > should resolve local predefined states to their definitions 1`] = `""`;

exports[`Advanced State Mapping - CSS Output > sub-element advanced states > should apply @own state to sub-element 1`] = `""`;

exports[`Advanced State Mapping - CSS Output > sub-element advanced states > should apply media queries to sub-element styles 1`] = `""`;

exports[`Advanced State Mapping - CSS Output > sub-element advanced states > should apply root states to sub-element styles 1`] = `""`;

exports[`Advanced State Mapping - CSS Output > sub-element advanced states > should combine @own state with media query 1`] = `""`;

exports[`Advanced State Mapping - CSS Output > sub-element advanced states > should combine @own state with parent modifiers 1`] = `""`;

exports[`Advanced State Mapping - CSS Output > sub-element advanced states > should handle negated @own state 1`] = `""`;

exports[`Advanced State Mapping - renderStyles direct tests > XOR (^) operator > should render a tasty() component with XOR state 1`] = `
".to43j36.to43j36:where(:is(:not([data-focused]):not([data-hovered]), [data-focused][data-hovered])) { color: black; }
.to43j36.to43j36:where(:is([data-focused]:not([data-hovered]), [data-hovered]:not([data-focused]))) { color: red; }"
`;
